================================================================================
STEP 7: Docker Residue & Exact State Delta Audit
COMMAND: docker ps -a && docker network ls && docker volume ls (exact set diff & label query)
EXIT CODE: 0
DURATION: 10.94s
TIMESTAMP: 2026-08-15T20:22:03.0016950+00:00
================================================================================
--- STDOUT ---
Post-Run Containers:
d2207333c10c|royce-postgres|postgres:15-alpine|Exited (0) 5 weeks ago
9be6068d2418|royce-redis|redis:7-alpine|Exited (0) 5 weeks ago
51575dbf0ed5|royce-clickhouse|clickhouse/clickhouse-server:latest|Exited (137) 5 weeks ago
74346c97a33f|royce-qdrant|qdrant/qdrant:latest|Exited (143) 5 weeks ago

Post-Run Networks:
77b8b787f230|bagisto_sail|bridge
e54b95860c66|bridge|bridge
228d0ae1e3e2|cho_nha_default|bridge
2ad1cd6e4c6f|ck_cnpm_default|bridge
825cf2b3a85b|cpanel_public_html_default|bridge
07d74dc3c4fd|english-level-up-tips_default|bridge
4b4a0ac0bd2b|host|host
940af557bbd1|none|null

Post-Run Volumes:
6b1f448b4478c4a130723f33dcaa697f5cf17c285582af73e5b645bcf239e23c|local
6fa32cbbafd1c5bdb32de9ec55466e7c50051e7f7fd265b30081c376d112ae61|local
7fdb2613b8b5228e4abbc07741a6e2e3979f4631c946da81736931c5e9eab623|local
8a881639a75768ad203d06733e534954fede56be8b6163ba3fa2bf372e62b521|local
54e56343266568b260b18cc8a703f1cf1660ece97937e9c2bb4887dae19b3cf7|local
094ef86d2b6d739052cb9031f7a34c5778ead1cc760ec1745d33af89550fdf94|local
95a1eefa3926a9feef749da82e174d3555012d372076fc075593c65843244974|local
a813fbde8c23d83aeb2d242fdd4c0d79234b7971acd3e1998530d0e8a879e32e|local
ae3a1c50b8c2475ca4c295ceb17f4434e759e45c83833877447dcea760939ea6|local
bagisto_sail-elasticsearch|local
bagisto_sail-mysql|local
bagisto_sail-redis|local
cho_nha_composer-cache|local
cho_nha_node-modules|local
ck_cnpm_mongodb_data|local
ck_cnpm_redis_data|local
cpanel_public_html_mysql_data|local
cpanel_public_html_postgres_data|local
dbb44d888f08ba02b9017e11b680e418fc2b5a919f8a6a2f8580526c52745d1f|local
english-level-up-tips_clickhouse_data|local
english-level-up-tips_postgres_data|local
english-level-up-tips_qdrant_data|local
english-level-up-tips_redis_data|local
f6a598b094bad3ac8fdd76e36053e8f1fc6a8c2146d63fe009f394caba7b1140|local
fe31b2388ad35056114749fd766d2a97e5f88fdaa0e7f71637c965a903890d5a|local

Docker State Delta: Exactly 0 task-owned residue (containers, networks, volumes); pre-existing containers, networks, volumes preserved identically (exact 1:1 set match).
--- STDERR ---

================================================================================