================================================================================
STEP 6: Runtime Quality Gate
COMMAND: powershell scripts/check.ps1 -Profile Runtime
EXIT CODE: 0
DURATION: 46.91s
TIMESTAMP: 2026-08-15T20:21:52.0572675+00:00
================================================================================
--- STDOUT ---

=== Running Gate: foundation-restore (BR001-R2.4) ===
Profile: Runtime | Status: READY | Timeout: 60s
Gate succeeded.

=== Running Gate: foundation-format (BR001-R2.4) ===
Profile: Runtime | Status: READY | Timeout: 30s
Gate succeeded.

=== Running Gate: foundation-build (BR001-R2.4) ===
Profile: Runtime | Status: READY | Timeout: 120s
Gate succeeded.

=== Running Gate: foundation-openspec (BR001-R6.2) ===
Profile: Runtime | Status: READY | Timeout: 30s
Gate succeeded.

=== Running Gate: foundation-hygiene (BR001-R2.4) ===
Profile: Runtime | Status: READY | Timeout: 15s
Gate succeeded.

=== Running Gate: runtime-docker-compose (BR001-R4.4) ===
Profile: Runtime | Status: READY | Timeout: 30s
Gate succeeded.

=== Running Gate: runtime-smoke-compose (BR001-R4.4) ===
Profile: Runtime | Status: READY | Timeout: 180s
Gate succeeded.

=== Running Gate: runtime-smoke-aspire (BR001-R4.4) ===
Profile: Runtime | Status: READY | Timeout: 180s
Gate succeeded.

=== Running Gate: runtime-unit-tests (BR001-R5.2) ===
Profile: Runtime | Status: READY | Timeout: 60s
Gate succeeded.

=== Running Gate: runtime-architecture-tests (BR001-R5.2) ===
Profile: Runtime | Status: READY | Timeout: 60s
Gate succeeded.

=== Running Gate: runtime-integration-tests (BR001-R5.3) ===
Profile: Runtime | Status: READY | Timeout: 120s
Gate succeeded.

=== Running Gate: runtime-e2e-tests (BR001-R5.1) ===
Profile: Runtime | Status: NOT_APPLICABLE | Timeout: 300s
Gate is NOT_APPLICABLE (no real UI exists). Skipping.

--- STDERR ---

================================================================================