============================================================
DX-OS Runtime Smoke Runner
Mode: Compose | Run ID: 297fdc73897a | Project: dxos-smoke-297fdc73897a
Ports: API=18355, Postgres=16123
============================================================
==> Starting Docker Compose environment (dxos-smoke-297fdc73897a)...

Name                           Value                                                                                   
----                           -----                                                                                   
Stdout                         #1 [internal] load local bake definitions...                                            
ExitCode                       0                                                                                       
Stderr                          Image dxos-api:0.1.0-spike Building ...                                                
==> Probing API Liveness: http://localhost:18355/health/live...
[OK] Liveness OK: {"status":"Healthy","mode":"Liveness","timestamp":"2026-08-15T06:35:05.3657806+00:00"}
==> Probing API Readiness: http://localhost:18355/health/ready...
[OK] Readiness OK: {"status":"Healthy","mode":"Readiness","database":"Connected","probeCount":0,"timestamp":"2026-08-15T06:35:05.5497429+00:00"}
==> Invoking Elsa Workflow Smoke: http://localhost:18355/smoke/workflow...
[OK] Elsa Smoke Workflow Succeeded!
  - Workflow Instance ID: dc55ef7da9197b49
  - Terminal Status:      Finished (Finished)
  - Output:               DXOS_SMOKE_OK
  - Echoed Correlation:   smoke-corr-297fdc73897a
==> Executing Negative Dependency Test (stopping Postgres)...
Stdout                                                                                                                 
ExitCode                       0                                                                                       
Stderr                          Container dxos-smoke-297fdc73897a-postgres-1 Stopping ...                              
==> Verifying Liveness remains healthy when DB is down...
[OK] Negative test passed: Liveness is Healthy.
==> Verifying Readiness becomes unhealthy (503) when DB is down...
[OK] Negative test passed: Readiness returned 503 Service Unavailable.
==> Verifying Workflow Smoke fails (503) when DB is down...
[OK] Negative test passed: Smoke workflow failed fast on unavailable DB.
==> Cleaning up task-owned resources for run 297fdc73897a...
Stdout                                                                                                                 
ExitCode                       0                                                                                       
Stderr                          Container dxos-smoke-297fdc73897a-dxos-api-1 Stopping ...                              
[OK] Runtime smoke completed successfully and all task-owned resources were cleaned up.

