============================================================
DX-OS Runtime Smoke Runner
Mode: Compose | Run ID: 680ade111167 | Project: dxos-smoke-680ade111167
Ports: API=18979, Postgres=15915
============================================================
==> Starting Docker Compose environment (dxos-smoke-680ade111167)...

Name                           Value                                                                                   
----                           -----                                                                                   
Stdout                         #1 [internal] load local bake definitions...                                            
ExitCode                       0                                                                                       
Stderr                          Image dxos-api:0.1.0-spike Building ...                                                
==> Probing API Liveness: http://localhost:18979/health/live...
[OK] Liveness OK: {"status":"Healthy","mode":"Liveness","timestamp":"2026-08-15T06:34:57.3186145+00:00"}
==> Probing API Readiness: http://localhost:18979/health/ready...
[OK] Readiness OK: {"status":"Healthy","mode":"Readiness","database":"Connected","probeCount":0,"timestamp":"2026-08-15T06:34:57.5066691+00:00"}
==> Invoking Elsa Workflow Smoke: http://localhost:18979/smoke/workflow...
[OK] Elsa Smoke Workflow Succeeded!
  - Workflow Instance ID: 378831e73a26c20c
  - Terminal Status:      Finished (Finished)
  - Output:               DXOS_SMOKE_OK
  - Echoed Correlation:   smoke-corr-680ade111167
==> Cleaning up task-owned resources for run 680ade111167...
Stdout                                                                                                                 
ExitCode                       0                                                                                       
Stderr                          Container dxos-smoke-680ade111167-dxos-api-1 Stopping ...                              
[OK] Runtime smoke completed successfully and all task-owned resources were cleaned up.

