  Determining projects to restore...
  Restored C:\Users\199X\OneDrive\Máy tính\olympic\dx-os\src\DXOS.Application\DXOS.Application.csproj (in 130 ms).
  Restored C:\Users\199X\OneDrive\Máy tính\olympic\dx-os\src\DXOS.Domain\DXOS.Domain.csproj (in 122 ms).
  Restored C:\Users\199X\OneDrive\Máy tính\olympic\dx-os\src\DXOS.AppHost\DXOS.AppHost.csproj (in 278 ms).
  Restored C:\Users\199X\OneDrive\Máy tính\olympic\dx-os\src\DXOS.Workflows\DXOS.Workflows.csproj (in 278 ms).
  Restored C:\Users\199X\OneDrive\Máy tính\olympic\dx-os\tests\DXOS.Integration.Tests\DXOS.Integration.Tests.csproj (in 282 ms).
  Restored C:\Users\199X\OneDrive\Máy tính\olympic\dx-os\tests\DXOS.Architecture.Tests\DXOS.Architecture.Tests.csproj (in 282 ms).
  Restored C:\Users\199X\OneDrive\Máy tính\olympic\dx-os\tests\DXOS.Unit.Tests\DXOS.Unit.Tests.csproj (in 282 ms).
  Restored C:\Users\199X\OneDrive\Máy tính\olympic\dx-os\src\DXOS.Infrastructure\DXOS.Infrastructure.csproj (in 289 ms).
  Restored C:\Users\199X\OneDrive\Máy tính\olympic\dx-os\src\DXOS.Api\DXOS.Api.csproj (in 289 ms).
Project 'DXOS.Api' has the following package references
   [net10.0]: 
   Top-level Package                           Requested   Resolved
   > Microsoft.EntityFrameworkCore.Design      10.0.10     10.0.10 

   Transitive Package                                     Resolved
   > Cronos                                               0.11.1  
   > CShells.Abstractions                                 0.0.14  
   > CShells.AspNetCore.Abstractions                      0.0.14  
   > CShells.FastEndpoints.Abstractions                   0.0.14  
   > DistributedLock.Core                                 1.0.8   
   > DistributedLock.FileSystem                           1.0.3   
   > Elsa                                                 3.7.1   
   > Elsa.Api.Common                                      3.7.1   
   > Elsa.Caching                                         3.7.1   
   > Elsa.Common                                          3.7.1   
   > Elsa.Expressions                                     3.7.1   
   > Elsa.Features                                        3.7.1   
   > Elsa.KeyValues                                       3.7.1   
   > Elsa.Mediator                                        3.7.1   
   > Elsa.Tenants                                         3.7.1   
   > Elsa.Workflows.Core                                  3.7.1   
   > Elsa.Workflows.Management                            3.7.1   
   > Elsa.Workflows.Runtime                               3.7.1   
   > FastEndpoints                                        7.2.0   
   > FastEndpoints.Attributes                             7.2.0   
   > FastEndpoints.Core                                   7.2.0   
   > FastEndpoints.JobQueues                              7.2.0   
   > FastEndpoints.Messaging                              7.2.0   
   > FastEndpoints.Messaging.Core                         7.2.0   
   > FastEndpoints.Security                               7.2.0   
   > FastEndpoints.Swagger                                7.2.0   
   > FluentValidation                                     12.1.1  
   > Humanizer.Core                                       3.0.1   
   > IronCompress                                         1.7.0   
   > JetBrains.Annotations                                2025.2.4
   > LinqKit.Core                                         1.2.9   
   > Microsoft.AspNetCore.Authentication.JwtBearer        10.0.1  
   > Microsoft.Build.Framework                            18.0.2  
   > Microsoft.CodeAnalysis.Analyzers                     3.11.0  
   > Microsoft.CodeAnalysis.Common                        5.0.0   
   > Microsoft.CodeAnalysis.CSharp                        5.0.0   
   > Microsoft.CodeAnalysis.CSharp.Workspaces             5.0.0   
   > Microsoft.CodeAnalysis.Workspaces.Common             5.0.0   
   > Microsoft.CodeAnalysis.Workspaces.MSBuild            5.0.0   
   > Microsoft.EntityFrameworkCore                        10.0.10 
   > Microsoft.EntityFrameworkCore.Abstractions           10.0.10 
   > Microsoft.EntityFrameworkCore.Analyzers              10.0.10 
   > Microsoft.EntityFrameworkCore.Relational             10.0.10 
   > Microsoft.Extensions.DependencyModel                 10.0.10 
   > Microsoft.IdentityModel.Abstractions                 8.0.1   
   > Microsoft.IdentityModel.JsonWebTokens                8.0.1   
   > Microsoft.IdentityModel.Logging                      8.0.1   
   > Microsoft.IdentityModel.Protocols                    8.0.1   
   > Microsoft.IdentityModel.Protocols.OpenIdConnect      8.0.1   
   > Microsoft.IdentityModel.Tokens                       8.0.1   
   > Microsoft.VisualStudio.SolutionPersistence           1.0.52  
   > Mono.TextTemplating                                  3.0.0   
   > Namotion.Reflection                                  3.4.3   
   > Newtonsoft.Json                                      13.0.4  
   > NJsonSchema                                          11.5.2  
   > NJsonSchema.Annotations                              11.5.2  
   > NJsonSchema.NewtonsoftJson                           11.5.2  
   > NJsonSchema.Yaml                                     11.5.2  
   > Npgsql                                               10.0.3  
   > Npgsql.EntityFrameworkCore.PostgreSQL                10.0.3  
   > NSwag.Annotations                                    14.6.3  
   > NSwag.AspNetCore                                     14.6.3  
   > NSwag.Core                                           14.6.3  
   > NSwag.Core.Yaml                                      14.6.3  
   > NSwag.Generation                                     14.6.3  
   > NSwag.Generation.AspNetCore                          14.6.3  
   > Open.Linq.AsyncExtensions                            1.2.0   
   > Scrutor                                              7.0.0   
   > ShortGuid                                            2.0.1   
   > Snappier                                             1.3.1   
   > System.CodeDom                                       6.0.0   
   > System.Composition                                   9.0.0   
   > System.Composition.AttributedModel                   9.0.0   
   > System.Composition.Convention                        9.0.0   
   > System.Composition.Hosting                           9.0.0   
   > System.Composition.Runtime                           9.0.0   
   > System.Composition.TypedParts                        9.0.0   
   > System.IdentityModel.Tokens.Jwt                      8.0.1   
   > System.Linq.Dynamic.Core                             1.7.1   
   > ThrottleDebounce                                     2.0.1   
   > YamlDotNet                                           16.3.0  
   > ZstdSharp.Port                                       0.8.6   

Project 'DXOS.AppHost' has the following package references
   [net10.0]: 
   Top-level Package                              Requested    Resolved
   > Aspire.Dashboard.Sdk.win-x64           (A)   [13.4.6, )   13.4.6  
   > Aspire.Hosting.AppHost                       13.4.6       13.4.6  
   > Aspire.Hosting.Orchestration.win-x64   (A)   [13.4.6, )   13.4.6  
   > Aspire.Hosting.PostgreSQL                    13.4.6       13.4.6  

   Transitive Package                                                Resolved
   > Aspire.Hosting                                                  13.4.6  
   > AspNetCore.HealthChecks.NpgSql                                  9.0.0   
   > AspNetCore.HealthChecks.Uris                                    9.0.0   
   > Fractions                                                       7.3.0   
   > Google.Protobuf                                                 3.34.1  
   > Grpc.AspNetCore                                                 2.80.0  
   > Grpc.AspNetCore.Server                                          2.80.0  
   > Grpc.AspNetCore.Server.ClientFactory                            2.80.0  
   > Grpc.Core.Api                                                   2.80.0  
   > Grpc.Net.Client                                                 2.80.0  
   > Grpc.Net.ClientFactory                                          2.80.0  
   > Grpc.Net.Common                                                 2.80.0  
   > Grpc.Tools                                                      2.80.0  
   > Humanizer.Core                                                  3.0.10  
   > Json.More.Net                                                   2.1.0   
   > JsonPatch.Net                                                   3.3.0   
   > JsonPointer.Net                                                 5.2.0   
   > KubernetesClient                                                19.0.2  
   > MessagePack                                                     2.5.302 
   > MessagePack.Annotations                                         2.5.302 
   > Microsoft.Extensions.AI.Abstractions                            10.5.2  
   > Microsoft.Extensions.Caching.Abstractions                       10.0.7  
   > Microsoft.Extensions.Configuration                              10.0.8  
   > Microsoft.Extensions.Configuration.Abstractions                 10.0.8  
   > Microsoft.Extensions.Configuration.Binder                       10.0.8  
   > Microsoft.Extensions.Configuration.CommandLine                  10.0.8  
   > Microsoft.Extensions.Configuration.EnvironmentVariables         10.0.8  
   > Microsoft.Extensions.Configuration.FileExtensions               10.0.8  
   > Microsoft.Extensions.Configuration.Json                         10.0.8  
   > Microsoft.Extensions.Configuration.UserSecrets                  10.0.8  
   > Microsoft.Extensions.DependencyInjection                        10.0.8  
   > Microsoft.Extensions.DependencyInjection.Abstractions           10.0.8  
   > Microsoft.Extensions.Diagnostics                                10.0.8  
   > Microsoft.Extensions.Diagnostics.Abstractions                   10.0.8  
   > Microsoft.Extensions.Diagnostics.HealthChecks                   10.0.8  
   > Microsoft.Extensions.Diagnostics.HealthChecks.Abstractions      10.0.8  
   > Microsoft.Extensions.FileProviders.Abstractions                 10.0.8  
   > Microsoft.Extensions.FileProviders.Physical                     10.0.8  
   > Microsoft.Extensions.FileSystemGlobbing                         10.0.8  
   > Microsoft.Extensions.Hosting                                    10.0.8  
   > Microsoft.Extensions.Hosting.Abstractions                       10.0.8  
   > Microsoft.Extensions.Http                                       10.0.8  
   > Microsoft.Extensions.Logging                                    10.0.8  
   > Microsoft.Extensions.Logging.Abstractions                       10.0.8  
   > Microsoft.Extensions.Logging.Configuration                      10.0.8  
   > Microsoft.Extensions.Logging.Console                            10.0.8  
   > Microsoft.Extensions.Logging.Debug                              10.0.8  
   > Microsoft.Extensions.Logging.EventLog                           10.0.8  
   > Microsoft.Extensions.Logging.EventSource                        10.0.8  
   > Microsoft.Extensions.Options                                    10.0.8  
   > Microsoft.Extensions.Options.ConfigurationExtensions            10.0.8  
   > Microsoft.Extensions.Primitives                                 10.0.8  
   > Microsoft.NET.StringTools                                       18.4.0  
   > Microsoft.VisualStudio.Threading.Only                           17.14.15
   > Microsoft.VisualStudio.Validation                               17.13.22
   > ModelContextProtocol                                            1.3.0   
   > ModelContextProtocol.Core                                       1.3.0   
   > Nerdbank.MessagePack                                            1.2.4   
   > Nerdbank.Streams                                                2.13.16 
   > Newtonsoft.Json                                                 13.0.4  
   > Npgsql                                                          8.0.3   
   > OpenTelemetry                                                   1.15.3  
   > OpenTelemetry.Api                                               1.15.3  
   > OpenTelemetry.Api.ProviderBuilderExtensions                     1.15.3  
   > OpenTelemetry.Exporter.OpenTelemetryProtocol                    1.15.3  
   > OpenTelemetry.Extensions.Hosting                                1.15.3  
   > Polly.Core                                                      8.6.6   
   > PolyType                                                        1.3.1   
   > Semver                                                          3.0.0   
   > StreamJsonRpc                                                   2.25.29 
   > System.Diagnostics.EventLog                                     10.0.8  
   > System.IO.Hashing                                               10.0.8  
   > YamlDotNet                                                      16.3.0  

Project 'DXOS.Application' has the following package references
   [net10.0]: No packages were found for this framework.
Project 'DXOS.Domain' has the following package references
   [net10.0]: No packages were found for this framework.
Project 'DXOS.Infrastructure' has the following package references
   [net10.0]: 
   Top-level Package                            Requested   Resolved
   > Microsoft.EntityFrameworkCore              10.0.10     10.0.10 
   > Microsoft.EntityFrameworkCore.Design       10.0.10     10.0.10 
   > Npgsql.EntityFrameworkCore.PostgreSQL      10.0.3      10.0.3  

   Transitive Package                                           Resolved
   > Humanizer.Core                                             2.14.1  
   > Microsoft.Build.Framework                                  18.0.2  
   > Microsoft.CodeAnalysis.Analyzers                           3.11.0  
   > Microsoft.CodeAnalysis.Common                              5.0.0   
   > Microsoft.CodeAnalysis.CSharp                              5.0.0   
   > Microsoft.CodeAnalysis.CSharp.Workspaces                   5.0.0   
   > Microsoft.CodeAnalysis.Workspaces.Common                   5.0.0   
   > Microsoft.CodeAnalysis.Workspaces.MSBuild                  5.0.0   
   > Microsoft.EntityFrameworkCore.Abstractions                 10.0.10 
   > Microsoft.EntityFrameworkCore.Analyzers                    10.0.10 
   > Microsoft.EntityFrameworkCore.Relational                   10.0.10 
   > Microsoft.Extensions.Caching.Abstractions                  10.0.10 
   > Microsoft.Extensions.Caching.Memory                        10.0.10 
   > Microsoft.Extensions.Configuration.Abstractions            10.0.10 
   > Microsoft.Extensions.DependencyInjection                   10.0.10 
   > Microsoft.Extensions.DependencyInjection.Abstractions      10.0.10 
   > Microsoft.Extensions.DependencyModel                       10.0.10 
   > Microsoft.Extensions.Logging                               10.0.10 
   > Microsoft.Extensions.Logging.Abstractions                  10.0.10 
   > Microsoft.Extensions.Options                               10.0.10 
   > Microsoft.Extensions.Primitives                            10.0.10 
   > Microsoft.VisualStudio.SolutionPersistence                 1.0.52  
   > Mono.TextTemplating                                        3.0.0   
   > Newtonsoft.Json                                            13.0.3  
   > Npgsql                                                     10.0.3  
   > System.CodeDom                                             6.0.0   
   > System.Composition                                         9.0.0   
   > System.Composition.AttributedModel                         9.0.0   
   > System.Composition.Convention                              9.0.0   
   > System.Composition.Hosting                                 9.0.0   
   > System.Composition.Runtime                                 9.0.0   
   > System.Composition.TypedParts                              9.0.0   

Project 'DXOS.Workflows' has the following package references
   [net10.0]: 
   Top-level Package      Requested   Resolved
   > Elsa                 3.7.1       3.7.1   

   Transitive Package                                           Resolved
   > Cronos                                                     0.11.1  
   > CShells.Abstractions                                       0.0.14  
   > CShells.AspNetCore.Abstractions                            0.0.14  
   > CShells.FastEndpoints.Abstractions                         0.0.14  
   > DistributedLock.Core                                       1.0.8   
   > DistributedLock.FileSystem                                 1.0.3   
   > Elsa.Api.Common                                            3.7.1   
   > Elsa.Caching                                               3.7.1   
   > Elsa.Common                                                3.7.1   
   > Elsa.Expressions                                           3.7.1   
   > Elsa.Features                                              3.7.1   
   > Elsa.KeyValues                                             3.7.1   
   > Elsa.Mediator                                              3.7.1   
   > Elsa.Tenants                                               3.7.1   
   > Elsa.Workflows.Core                                        3.7.1   
   > Elsa.Workflows.Management                                  3.7.1   
   > Elsa.Workflows.Runtime                                     3.7.1   
   > FastEndpoints                                              7.2.0   
   > FastEndpoints.Attributes                                   7.2.0   
   > FastEndpoints.Core                                         7.2.0   
   > FastEndpoints.JobQueues                                    7.2.0   
   > FastEndpoints.Messaging                                    7.2.0   
   > FastEndpoints.Messaging.Core                               7.2.0   
   > FastEndpoints.Security                                     7.2.0   
   > FastEndpoints.Swagger                                      7.2.0   
   > FluentValidation                                           12.1.1  
   > Humanizer.Core                                             3.0.1   
   > IronCompress                                               1.7.0   
   > JetBrains.Annotations                                      2025.2.4
   > LinqKit.Core                                               1.2.9   
   > Microsoft.AspNetCore.Authentication.JwtBearer              10.0.1  
   > Microsoft.AspNetCore.Http.Abstractions                     2.3.9   
   > Microsoft.AspNetCore.Http.Features                         2.3.0   
   > Microsoft.Extensions.Caching.Abstractions                  10.0.3  
   > Microsoft.Extensions.Caching.Memory                        10.0.3  
   > Microsoft.Extensions.Configuration                         10.0.3  
   > Microsoft.Extensions.Configuration.Abstractions            10.0.3  
   > Microsoft.Extensions.Configuration.Binder                  10.0.3  
   > Microsoft.Extensions.Configuration.FileExtensions          10.0.3  
   > Microsoft.Extensions.Configuration.Json                    10.0.3  
   > Microsoft.Extensions.DependencyInjection                   10.0.3  
   > Microsoft.Extensions.DependencyInjection.Abstractions      10.0.3  
   > Microsoft.Extensions.DependencyModel                       10.0.0  
   > Microsoft.Extensions.Diagnostics.Abstractions              10.0.3  
   > Microsoft.Extensions.FileProviders.Abstractions            10.0.3  
   > Microsoft.Extensions.FileProviders.Physical                10.0.3  
   > Microsoft.Extensions.FileSystemGlobbing                    10.0.3  
   > Microsoft.Extensions.Hosting.Abstractions                  10.0.3  
   > Microsoft.Extensions.Logging                               10.0.3  
   > Microsoft.Extensions.Logging.Abstractions                  10.0.3  
   > Microsoft.Extensions.Options                               10.0.3  
   > Microsoft.Extensions.Options.ConfigurationExtensions       10.0.3  
   > Microsoft.Extensions.Primitives                            10.0.3  
   > Microsoft.IdentityModel.Abstractions                       8.0.1   
   > Microsoft.IdentityModel.JsonWebTokens                      8.0.1   
   > Microsoft.IdentityModel.Logging                            8.0.1   
   > Microsoft.IdentityModel.Protocols                          8.0.1   
   > Microsoft.IdentityModel.Protocols.OpenIdConnect            8.0.1   
   > Microsoft.IdentityModel.Tokens                             8.0.1   
   > Namotion.Reflection                                        3.4.3   
   > Newtonsoft.Json                                            13.0.4  
   > NJsonSchema                                                11.5.2  
   > NJsonSchema.Annotations                                    11.5.2  
   > NJsonSchema.NewtonsoftJson                                 11.5.2  
   > NJsonSchema.Yaml                                           11.5.2  
   > NSwag.Annotations                                          14.6.3  
   > NSwag.AspNetCore                                           14.6.3  
   > NSwag.Core                                                 14.6.3  
   > NSwag.Core.Yaml                                            14.6.3  
   > NSwag.Generation                                           14.6.3  
   > NSwag.Generation.AspNetCore                                14.6.3  
   > Open.Linq.AsyncExtensions                                  1.2.0   
   > Scrutor                                                    7.0.0   
   > ShortGuid                                                  2.0.1   
   > Snappier                                                   1.3.1   
   > System.IdentityModel.Tokens.Jwt                            8.0.1   
   > System.Linq.Dynamic.Core                                   1.7.1   
   > ThrottleDebounce                                           2.0.1   
   > YamlDotNet                                                 16.3.0  
   > ZstdSharp.Port                                             0.8.6   

Project 'DXOS.Architecture.Tests' has the following package references
   [net10.0]: 
   Top-level Package             Requested   Resolved
   > Microsoft.NET.Test.Sdk      17.13.0     17.13.0 
   > xunit.v3                    3.2.2       3.2.2   

   Transitive Package                                           Resolved
   > Cronos                                                     0.11.1  
   > CShells.Abstractions                                       0.0.14  
   > CShells.AspNetCore.Abstractions                            0.0.14  
   > CShells.FastEndpoints.Abstractions                         0.0.14  
   > DistributedLock.Core                                       1.0.8   
   > DistributedLock.FileSystem                                 1.0.3   
   > Elsa                                                       3.7.1   
   > Elsa.Api.Common                                            3.7.1   
   > Elsa.Caching                                               3.7.1   
   > Elsa.Common                                                3.7.1   
   > Elsa.Expressions                                           3.7.1   
   > Elsa.Features                                              3.7.1   
   > Elsa.KeyValues                                             3.7.1   
   > Elsa.Mediator                                              3.7.1   
   > Elsa.Tenants                                               3.7.1   
   > Elsa.Workflows.Core                                        3.7.1   
   > Elsa.Workflows.Management                                  3.7.1   
   > Elsa.Workflows.Runtime                                     3.7.1   
   > FastEndpoints                                              7.2.0   
   > FastEndpoints.Attributes                                   7.2.0   
   > FastEndpoints.Core                                         7.2.0   
   > FastEndpoints.JobQueues                                    7.2.0   
   > FastEndpoints.Messaging                                    7.2.0   
   > FastEndpoints.Messaging.Core                               7.2.0   
   > FastEndpoints.Security                                     7.2.0   
   > FastEndpoints.Swagger                                      7.2.0   
   > FluentValidation                                           12.1.1  
   > Humanizer.Core                                             3.0.1   
   > IronCompress                                               1.7.0   
   > JetBrains.Annotations                                      2025.2.4
   > LinqKit.Core                                               1.2.9   
   > Microsoft.ApplicationInsights                              2.23.0  
   > Microsoft.AspNetCore.Authentication.JwtBearer              10.0.1  
   > Microsoft.AspNetCore.Http.Abstractions                     2.3.9   
   > Microsoft.AspNetCore.Http.Features                         2.3.0   
   > Microsoft.Bcl.AsyncInterfaces                              6.0.0   
   > Microsoft.CodeCoverage                                     17.13.0 
   > Microsoft.EntityFrameworkCore                              10.0.10 
   > Microsoft.EntityFrameworkCore.Abstractions                 10.0.10 
   > Microsoft.EntityFrameworkCore.Analyzers                    10.0.10 
   > Microsoft.EntityFrameworkCore.Relational                   10.0.10 
   > Microsoft.Extensions.Caching.Abstractions                  10.0.10 
   > Microsoft.Extensions.Caching.Memory                        10.0.10 
   > Microsoft.Extensions.Configuration                         10.0.3  
   > Microsoft.Extensions.Configuration.Abstractions            10.0.10 
   > Microsoft.Extensions.Configuration.Binder                  10.0.3  
   > Microsoft.Extensions.Configuration.FileExtensions          10.0.3  
   > Microsoft.Extensions.Configuration.Json                    10.0.3  
   > Microsoft.Extensions.DependencyInjection                   10.0.10 
   > Microsoft.Extensions.DependencyInjection.Abstractions      10.0.10 
   > Microsoft.Extensions.DependencyModel                       10.0.0  
   > Microsoft.Extensions.Diagnostics.Abstractions              10.0.3  
   > Microsoft.Extensions.FileProviders.Abstractions            10.0.3  
   > Microsoft.Extensions.FileProviders.Physical                10.0.3  
   > Microsoft.Extensions.FileSystemGlobbing                    10.0.3  
   > Microsoft.Extensions.Hosting.Abstractions                  10.0.3  
   > Microsoft.Extensions.Logging                               10.0.10 
   > Microsoft.Extensions.Logging.Abstractions                  10.0.10 
   > Microsoft.Extensions.Options                               10.0.10 
   > Microsoft.Extensions.Options.ConfigurationExtensions       10.0.3  
   > Microsoft.Extensions.Primitives                            10.0.10 
   > Microsoft.IdentityModel.Abstractions                       8.0.1   
   > Microsoft.IdentityModel.JsonWebTokens                      8.0.1   
   > Microsoft.IdentityModel.Logging                            8.0.1   
   > Microsoft.IdentityModel.Protocols                          8.0.1   
   > Microsoft.IdentityModel.Protocols.OpenIdConnect            8.0.1   
   > Microsoft.IdentityModel.Tokens                             8.0.1   
   > Microsoft.Testing.Extensions.Telemetry                     1.9.1   
   > Microsoft.Testing.Extensions.TrxReport.Abstractions        1.9.1   
   > Microsoft.Testing.Platform                                 1.9.1   
   > Microsoft.Testing.Platform.MSBuild                         1.9.1   
   > Microsoft.TestPlatform.ObjectModel                         17.13.0 
   > Microsoft.TestPlatform.TestHost                            17.13.0 
   > Microsoft.Win32.Registry                                   5.0.0   
   > Namotion.Reflection                                        3.4.3   
   > Newtonsoft.Json                                            13.0.4  
   > NJsonSchema                                                11.5.2  
   > NJsonSchema.Annotations                                    11.5.2  
   > NJsonSchema.NewtonsoftJson                                 11.5.2  
   > NJsonSchema.Yaml                                           11.5.2  
   > Npgsql                                                     10.0.3  
   > Npgsql.EntityFrameworkCore.PostgreSQL                      10.0.3  
   > NSwag.Annotations                                          14.6.3  
   > NSwag.AspNetCore                                           14.6.3  
   > NSwag.Core                                                 14.6.3  
   > NSwag.Core.Yaml                                            14.6.3  
   > NSwag.Generation                                           14.6.3  
   > NSwag.Generation.AspNetCore                                14.6.3  
   > Open.Linq.AsyncExtensions                                  1.2.0   
   > Scrutor                                                    7.0.0   
   > ShortGuid                                                  2.0.1   
   > Snappier                                                   1.3.1   
   > System.IdentityModel.Tokens.Jwt                            8.0.1   
   > System.Linq.Dynamic.Core                                   1.7.1   
   > ThrottleDebounce                                           2.0.1   
   > xunit.analyzers                                            1.27.0  
   > xunit.v3.assert                                            3.2.2   
   > xunit.v3.common                                            3.2.2   
   > xunit.v3.core.mtp-v1                                       3.2.2   
   > xunit.v3.extensibility.core                                3.2.2   
   > xunit.v3.mtp-v1                                            3.2.2   
   > xunit.v3.runner.common                                     3.2.2   
   > xunit.v3.runner.inproc.console                             3.2.2   
   > YamlDotNet                                                 16.3.0  
   > ZstdSharp.Port                                             0.8.6   

Project 'DXOS.Integration.Tests' has the following package references
   [net10.0]: 
   Top-level Package             Requested   Resolved
   > Microsoft.NET.Test.Sdk      17.13.0     17.13.0 
   > xunit.v3                    3.2.2       3.2.2   

   Transitive Package                                           Resolved
   > Cronos                                                     0.11.1  
   > CShells.Abstractions                                       0.0.14  
   > CShells.AspNetCore.Abstractions                            0.0.14  
   > CShells.FastEndpoints.Abstractions                         0.0.14  
   > DistributedLock.Core                                       1.0.8   
   > DistributedLock.FileSystem                                 1.0.3   
   > Elsa                                                       3.7.1   
   > Elsa.Api.Common                                            3.7.1   
   > Elsa.Caching                                               3.7.1   
   > Elsa.Common                                                3.7.1   
   > Elsa.Expressions                                           3.7.1   
   > Elsa.Features                                              3.7.1   
   > Elsa.KeyValues                                             3.7.1   
   > Elsa.Mediator                                              3.7.1   
   > Elsa.Tenants                                               3.7.1   
   > Elsa.Workflows.Core                                        3.7.1   
   > Elsa.Workflows.Management                                  3.7.1   
   > Elsa.Workflows.Runtime                                     3.7.1   
   > FastEndpoints                                              7.2.0   
   > FastEndpoints.Attributes                                   7.2.0   
   > FastEndpoints.Core                                         7.2.0   
   > FastEndpoints.JobQueues                                    7.2.0   
   > FastEndpoints.Messaging                                    7.2.0   
   > FastEndpoints.Messaging.Core                               7.2.0   
   > FastEndpoints.Security                                     7.2.0   
   > FastEndpoints.Swagger                                      7.2.0   
   > FluentValidation                                           12.1.1  
   > Humanizer.Core                                             3.0.1   
   > IronCompress                                               1.7.0   
   > JetBrains.Annotations                                      2025.2.4
   > LinqKit.Core                                               1.2.9   
   > Microsoft.ApplicationInsights                              2.23.0  
   > Microsoft.AspNetCore.Authentication.JwtBearer              10.0.1  
   > Microsoft.AspNetCore.Http.Abstractions                     2.3.9   
   > Microsoft.AspNetCore.Http.Features                         2.3.0   
   > Microsoft.Bcl.AsyncInterfaces                              6.0.0   
   > Microsoft.CodeCoverage                                     17.13.0 
   > Microsoft.EntityFrameworkCore                              10.0.10 
   > Microsoft.EntityFrameworkCore.Abstractions                 10.0.10 
   > Microsoft.EntityFrameworkCore.Analyzers                    10.0.10 
   > Microsoft.EntityFrameworkCore.Relational                   10.0.10 
   > Microsoft.Extensions.Caching.Abstractions                  10.0.10 
   > Microsoft.Extensions.Caching.Memory                        10.0.10 
   > Microsoft.Extensions.Configuration                         10.0.3  
   > Microsoft.Extensions.Configuration.Abstractions            10.0.10 
   > Microsoft.Extensions.Configuration.Binder                  10.0.3  
   > Microsoft.Extensions.Configuration.FileExtensions          10.0.3  
   > Microsoft.Extensions.Configuration.Json                    10.0.3  
   > Microsoft.Extensions.DependencyInjection                   10.0.10 
   > Microsoft.Extensions.DependencyInjection.Abstractions      10.0.10 
   > Microsoft.Extensions.DependencyModel                       10.0.0  
   > Microsoft.Extensions.Diagnostics.Abstractions              10.0.3  
   > Microsoft.Extensions.FileProviders.Abstractions            10.0.3  
   > Microsoft.Extensions.FileProviders.Physical                10.0.3  
   > Microsoft.Extensions.FileSystemGlobbing                    10.0.3  
   > Microsoft.Extensions.Hosting.Abstractions                  10.0.3  
   > Microsoft.Extensions.Logging                               10.0.10 
   > Microsoft.Extensions.Logging.Abstractions                  10.0.10 
   > Microsoft.Extensions.Options                               10.0.10 
   > Microsoft.Extensions.Options.ConfigurationExtensions       10.0.3  
   > Microsoft.Extensions.Primitives                            10.0.10 
   > Microsoft.IdentityModel.Abstractions                       8.0.1   
   > Microsoft.IdentityModel.JsonWebTokens                      8.0.1   
   > Microsoft.IdentityModel.Logging                            8.0.1   
   > Microsoft.IdentityModel.Protocols                          8.0.1   
   > Microsoft.IdentityModel.Protocols.OpenIdConnect            8.0.1   
   > Microsoft.IdentityModel.Tokens                             8.0.1   
   > Microsoft.Testing.Extensions.Telemetry                     1.9.1   
   > Microsoft.Testing.Extensions.TrxReport.Abstractions        1.9.1   
   > Microsoft.Testing.Platform                                 1.9.1   
   > Microsoft.Testing.Platform.MSBuild                         1.9.1   
   > Microsoft.TestPlatform.ObjectModel                         17.13.0 
   > Microsoft.TestPlatform.TestHost                            17.13.0 
   > Microsoft.Win32.Registry                                   5.0.0   
   > Namotion.Reflection                                        3.4.3   
   > Newtonsoft.Json                                            13.0.4  
   > NJsonSchema                                                11.5.2  
   > NJsonSchema.Annotations                                    11.5.2  
   > NJsonSchema.NewtonsoftJson                                 11.5.2  
   > NJsonSchema.Yaml                                           11.5.2  
   > Npgsql                                                     10.0.3  
   > Npgsql.EntityFrameworkCore.PostgreSQL                      10.0.3  
   > NSwag.Annotations                                          14.6.3  
   > NSwag.AspNetCore                                           14.6.3  
   > NSwag.Core                                                 14.6.3  
   > NSwag.Core.Yaml                                            14.6.3  
   > NSwag.Generation                                           14.6.3  
   > NSwag.Generation.AspNetCore                                14.6.3  
   > Open.Linq.AsyncExtensions                                  1.2.0   
   > Scrutor                                                    7.0.0   
   > ShortGuid                                                  2.0.1   
   > Snappier                                                   1.3.1   
   > System.IdentityModel.Tokens.Jwt                            8.0.1   
   > System.Linq.Dynamic.Core                                   1.7.1   
   > ThrottleDebounce                                           2.0.1   
   > xunit.analyzers                                            1.27.0  
   > xunit.v3.assert                                            3.2.2   
   > xunit.v3.common                                            3.2.2   
   > xunit.v3.core.mtp-v1                                       3.2.2   
   > xunit.v3.extensibility.core                                3.2.2   
   > xunit.v3.mtp-v1                                            3.2.2   
   > xunit.v3.runner.common                                     3.2.2   
   > xunit.v3.runner.inproc.console                             3.2.2   
   > YamlDotNet                                                 16.3.0  
   > ZstdSharp.Port                                             0.8.6   

Project 'DXOS.Unit.Tests' has the following package references
   [net10.0]: 
   Top-level Package             Requested   Resolved
   > Microsoft.NET.Test.Sdk      17.13.0     17.13.0 
   > xunit.v3                    3.2.2       3.2.2   

   Transitive Package                                           Resolved
   > Cronos                                                     0.11.1  
   > CShells.Abstractions                                       0.0.14  
   > CShells.AspNetCore.Abstractions                            0.0.14  
   > CShells.FastEndpoints.Abstractions                         0.0.14  
   > DistributedLock.Core                                       1.0.8   
   > DistributedLock.FileSystem                                 1.0.3   
   > Elsa                                                       3.7.1   
   > Elsa.Api.Common                                            3.7.1   
   > Elsa.Caching                                               3.7.1   
   > Elsa.Common                                                3.7.1   
   > Elsa.Expressions                                           3.7.1   
   > Elsa.Features                                              3.7.1   
   > Elsa.KeyValues                                             3.7.1   
   > Elsa.Mediator                                              3.7.1   
   > Elsa.Tenants                                               3.7.1   
   > Elsa.Workflows.Core                                        3.7.1   
   > Elsa.Workflows.Management                                  3.7.1   
   > Elsa.Workflows.Runtime                                     3.7.1   
   > FastEndpoints                                              7.2.0   
   > FastEndpoints.Attributes                                   7.2.0   
   > FastEndpoints.Core                                         7.2.0   
   > FastEndpoints.JobQueues                                    7.2.0   
   > FastEndpoints.Messaging                                    7.2.0   
   > FastEndpoints.Messaging.Core                               7.2.0   
   > FastEndpoints.Security                                     7.2.0   
   > FastEndpoints.Swagger                                      7.2.0   
   > FluentValidation                                           12.1.1  
   > Humanizer.Core                                             3.0.1   
   > IronCompress                                               1.7.0   
   > JetBrains.Annotations                                      2025.2.4
   > LinqKit.Core                                               1.2.9   
   > Microsoft.ApplicationInsights                              2.23.0  
   > Microsoft.AspNetCore.Authentication.JwtBearer              10.0.1  
   > Microsoft.AspNetCore.Http.Abstractions                     2.3.9   
   > Microsoft.AspNetCore.Http.Features                         2.3.0   
   > Microsoft.Bcl.AsyncInterfaces                              6.0.0   
   > Microsoft.CodeCoverage                                     17.13.0 
   > Microsoft.EntityFrameworkCore                              10.0.10 
   > Microsoft.EntityFrameworkCore.Abstractions                 10.0.10 
   > Microsoft.EntityFrameworkCore.Analyzers                    10.0.10 
   > Microsoft.EntityFrameworkCore.Relational                   10.0.10 
   > Microsoft.Extensions.Caching.Abstractions                  10.0.10 
   > Microsoft.Extensions.Caching.Memory                        10.0.10 
   > Microsoft.Extensions.Configuration                         10.0.3  
   > Microsoft.Extensions.Configuration.Abstractions            10.0.10 
   > Microsoft.Extensions.Configuration.Binder                  10.0.3  
   > Microsoft.Extensions.Configuration.FileExtensions          10.0.3  
   > Microsoft.Extensions.Configuration.Json                    10.0.3  
   > Microsoft.Extensions.DependencyInjection                   10.0.10 
   > Microsoft.Extensions.DependencyInjection.Abstractions      10.0.10 
   > Microsoft.Extensions.DependencyModel                       10.0.0  
   > Microsoft.Extensions.Diagnostics.Abstractions              10.0.3  
   > Microsoft.Extensions.FileProviders.Abstractions            10.0.3  
   > Microsoft.Extensions.FileProviders.Physical                10.0.3  
   > Microsoft.Extensions.FileSystemGlobbing                    10.0.3  
   > Microsoft.Extensions.Hosting.Abstractions                  10.0.3  
   > Microsoft.Extensions.Logging                               10.0.10 
   > Microsoft.Extensions.Logging.Abstractions                  10.0.10 
   > Microsoft.Extensions.Options                               10.0.10 
   > Microsoft.Extensions.Options.ConfigurationExtensions       10.0.3  
   > Microsoft.Extensions.Primitives                            10.0.10 
   > Microsoft.IdentityModel.Abstractions                       8.0.1   
   > Microsoft.IdentityModel.JsonWebTokens                      8.0.1   
   > Microsoft.IdentityModel.Logging                            8.0.1   
   > Microsoft.IdentityModel.Protocols                          8.0.1   
   > Microsoft.IdentityModel.Protocols.OpenIdConnect            8.0.1   
   > Microsoft.IdentityModel.Tokens                             8.0.1   
   > Microsoft.Testing.Extensions.Telemetry                     1.9.1   
   > Microsoft.Testing.Extensions.TrxReport.Abstractions        1.9.1   
   > Microsoft.Testing.Platform                                 1.9.1   
   > Microsoft.Testing.Platform.MSBuild                         1.9.1   
   > Microsoft.TestPlatform.ObjectModel                         17.13.0 
   > Microsoft.TestPlatform.TestHost                            17.13.0 
   > Microsoft.Win32.Registry                                   5.0.0   
   > Namotion.Reflection                                        3.4.3   
   > Newtonsoft.Json                                            13.0.4  
   > NJsonSchema                                                11.5.2  
   > NJsonSchema.Annotations                                    11.5.2  
   > NJsonSchema.NewtonsoftJson                                 11.5.2  
   > NJsonSchema.Yaml                                           11.5.2  
   > Npgsql                                                     10.0.3  
   > Npgsql.EntityFrameworkCore.PostgreSQL                      10.0.3  
   > NSwag.Annotations                                          14.6.3  
   > NSwag.AspNetCore                                           14.6.3  
   > NSwag.Core                                                 14.6.3  
   > NSwag.Core.Yaml                                            14.6.3  
   > NSwag.Generation                                           14.6.3  
   > NSwag.Generation.AspNetCore                                14.6.3  
   > Open.Linq.AsyncExtensions                                  1.2.0   
   > Scrutor                                                    7.0.0   
   > ShortGuid                                                  2.0.1   
   > Snappier                                                   1.3.1   
   > System.IdentityModel.Tokens.Jwt                            8.0.1   
   > System.Linq.Dynamic.Core                                   1.7.1   
   > ThrottleDebounce                                           2.0.1   
   > xunit.analyzers                                            1.27.0  
   > xunit.v3.assert                                            3.2.2   
   > xunit.v3.common                                            3.2.2   
   > xunit.v3.core.mtp-v1                                       3.2.2   
   > xunit.v3.extensibility.core                                3.2.2   
   > xunit.v3.mtp-v1                                            3.2.2   
   > xunit.v3.runner.common                                     3.2.2   
   > xunit.v3.runner.inproc.console                             3.2.2   
   > YamlDotNet                                                 16.3.0  
   > ZstdSharp.Port                                             0.8.6   

(A) : Auto-referenced package.

