============================================================
DX-OS Runtime Smoke Runner
Mode: Compose | Run ID: 00041c20dde0 | Project: dxos-smoke-00041c20dde0
Ports: API=18501, Postgres=16168
============================================================
==> Starting Docker Compose environment (dxos-smoke-00041c20dde0)...

Name                           Value                                                                                   
----                           -----                                                                                   
Stdout                         #1 [internal] load local bake definitions...                                            
ExitCode                       0                                                                                       
Stderr                          Image dxos-api:0.1.0-spike Building ...                                                
==> Probing API Liveness: http://localhost:18501/health/live...
[OK] Liveness OK: {"status":"Healthy","mode":"Liveness","timestamp":"2026-08-15T06:34:49.3766963+00:00"}
==> Probing API Readiness: http://localhost:18501/health/ready...
[OK] Readiness OK: {"status":"Healthy","mode":"Readiness","database":"Connected","probeCount":0,"timestamp":"2026-08-15T06:34:49.5574983+00:00"}
==> Invoking Elsa Workflow Smoke: http://localhost:18501/smoke/workflow...
[OK] Elsa Smoke Workflow Succeeded!
  - Workflow Instance ID: e614fd54e6183bfc
  - Terminal Status:      Finished (Finished)
  - Output:               DXOS_SMOKE_OK
  - Echoed Correlation:   smoke-corr-00041c20dde0
==> Cleaning up task-owned resources for run 00041c20dde0...
Stdout                                                                                                                 
ExitCode                       0                                                                                       
Stderr                          Container dxos-smoke-00041c20dde0-dxos-api-1 Stopping ...                              
[OK] Runtime smoke completed successfully and all task-owned resources were cleaned up.

