============================================================
DX-OS Runtime Smoke Runner
Mode: Compose | Run ID: 73bb199c4cfb | Project: dxos-smoke-73bb199c4cfb
Ports: API=18376, Postgres=15815
============================================================
==> Starting Docker Compose environment (dxos-smoke-73bb199c4cfb)...

Name                           Value                                                                                   
----                           -----                                                                                   
Stdout                         #1 [internal] load local bake definitions...                                            
ExitCode                       0                                                                                       
Stderr                          Image dxos-api:0.1.0-spike Building ...                                                
==> Probing API Liveness: http://localhost:18376/health/live...
[OK] Liveness OK: {"status":"Healthy","mode":"Liveness","timestamp":"2026-08-15T06:34:41.3568007+00:00"}
==> Probing API Readiness: http://localhost:18376/health/ready...
[OK] Readiness OK: {"status":"Healthy","mode":"Readiness","database":"Connected","probeCount":0,"timestamp":"2026-08-15T06:34:41.5333663+00:00"}
==> Invoking Elsa Workflow Smoke: http://localhost:18376/smoke/workflow...
[OK] Elsa Smoke Workflow Succeeded!
  - Workflow Instance ID: bc89dff0eb2164c0
  - Terminal Status:      Finished (Finished)
  - Output:               DXOS_SMOKE_OK
  - Echoed Correlation:   smoke-corr-73bb199c4cfb
==> Cleaning up task-owned resources for run 73bb199c4cfb...
Stdout                                                                                                                 
ExitCode                       0                                                                                       
Stderr                          Container dxos-smoke-73bb199c4cfb-dxos-api-1 Stopping ...                              
[OK] Runtime smoke completed successfully and all task-owned resources were cleaned up.

