============================================================
DX-OS Runtime Smoke Runner
Mode: Compose | Run ID: ef5e511b4be4 | Project: dxos-smoke-ef5e511b4be4
Ports: API=18278, Postgres=16299
============================================================
==> Starting Docker Compose environment (dxos-smoke-ef5e511b4be4)...

Name                           Value                                                                                   
----                           -----                                                                                   
Stdout                         #1 [internal] load local bake definitions...                                            
ExitCode                       0                                                                                       
Stderr                          Image dxos-api:0.1.0-spike Building ...                                                
==> Probing API Liveness: http://localhost:18278/health/live...
[OK] Liveness OK: {"status":"Healthy","mode":"Liveness","timestamp":"2026-08-15T06:35:29.4847488+00:00"}
==> Probing API Readiness: http://localhost:18278/health/ready...
[OK] Readiness OK: {"status":"Healthy","mode":"Readiness","database":"Connected","probeCount":0,"timestamp":"2026-08-15T06:35:29.668089+00:00"}
==> Invoking Elsa Workflow Smoke: http://localhost:18278/smoke/workflow...
[OK] Elsa Smoke Workflow Succeeded!
  - Workflow Instance ID: e6dcf56094757f46
  - Terminal Status:      Finished (Finished)
  - Output:               DXOS_SMOKE_OK
  - Echoed Correlation:   smoke-corr-ef5e511b4be4
==> Cleaning up task-owned resources for run ef5e511b4be4...
Stdout                                                                                                                 
ExitCode                       0                                                                                       
Stderr                          Container dxos-smoke-ef5e511b4be4-dxos-api-1 Stopping ...                              
[OK] Runtime smoke completed successfully and all task-owned resources were cleaned up.

