================================================================================
BR001-R5 EXTERNAL BOUNDED FINALIZER COMPLETION RECORD
================================================================================
Run GUID: 8682f54269a9
Evidence Directory: C:\Users\199X\OneDrive\Máy tính\olympic\dx-os\artifacts\task-runs\open_source-cab.4\runs\8682f54269a9
Wrapper PID: 11012
Child PID: 9428
Wrapper Start: 2026-08-15T20:20:12.7788289+00:00
Completion Prepared At: 2026-08-15T20:22:10.4638302+00:00
Elapsed Through Pre-Publication Validation: 117.685s
Child Start: 2026-08-15T20:20:12.9060482+00:00
Child End: 2026-08-15T20:22:07.6147077+00:00
Child Wall Duration: 114.709s
Child Exit Code: 0

COMPLETED VALIDATIONS:
1. Strict Text Hygiene: PASS (112 files verified, 0 violations)
2. Markdown Link Resolution: PASS (10 links resolved)
3. Primary Sidecar Manifest: PASS (96 entries verified on disk)
4. Reports Sidecar Manifest: PASS (10 entries verified on disk)
5. Docker Cleanliness: PASS (0 task-labeled containers, networks, volumes)
6. OpenSpec Strict Validation: PASS (Tasks R5.1-R5.4 confirmed unchecked [ ])
7. Beads Issue open_source-cab.4: PASS (Confirmed status == in_progress)
8. Concurrency Lock: PASS (Released and removed .run.lock)
================================================================================
FINALIZER VERDICT: FINALIZER_PREPARED_FOR_ATOMIC_PUBLICATION
================================================================================